Dump	no policy
Execute	.target.bash "/bin/systemctl is-enabled ypbind.service" 0
Read	.sysconfig.network.config.NETCONFIG_NIS_POLICY ""
Dir	.sysconfig.network.config: ["NETCONFIG_NIS_POLICY"]
Execute	.target.bash_output "/bin/ypdomainname" $["exit":0, "stderr":"", "stdout":"mydomain\n"]
Execute	.target.bash "ls /var/run/dhcpcd-*.pid" 0
Read	.sysconfig.ypbind.YPBIND_LOCAL_ONLY "no"
Read	.sysconfig.ypbind.YPBIND_BROADCAST "no"
Read	.sysconfig.ypbind.YPBIND_BROKEN_SERVER "no"
Read	.sysconfig.ypbind.YPBIND_OPTIONS ""
Execute	.target.bash "/bin/systemctl is-enabled autofs.service" 0
Read	.etc.nsswitch_conf."hosts" "files dns6"
Read	.etc.nsswitch_conf."passwd" "compat"
Read	.etc.nsswitch_conf."passwd_compat" nil
Read	.target.size "/etc/sysconfig/displaymanager" 0
Read	.sysconfig.displaymanager.DISPLAYMANAGER_AUTOLOGIN "no"
Read	.sysconfig.displaymanager.DISPLAYMANAGER_PASSWORD_LESS_LOGIN "no"
Execute	.target.bash "/bin/systemctl is-enabled SuSEfirewall2_init.service" 0
Execute	.target.bash "/bin/systemctl is-enabled SuSEfirewall2_setup.service" 0
Return	true
Execute	.target.bash "/bin/systemctl is-enabled rpcbind.service" 0
Execute	.target.bash "/bin/systemctl is-enabled ypbind.service" 0
Write	.etc.defaultdomain "mydomain" true
Execute	.target.remove "/etc/yp.conf.sv" true
Write	.sysconfig.network.config.NETCONFIG_NIS_POLICY "" true
Write	.sysconfig.network.config.NETCONFIG_NIS_STATIC_DOMAIN "" true
Write	.sysconfig.network.config.NETCONFIG_NIS_STATIC_SERVERS "" true
Write	.sysconfig.network.config nil true
Execute	.target.bash "/sbin/netconfig update" 0
Write	.sysconfig.ypbind.YPBIND_LOCAL_ONLY "no" true
Write	.sysconfig.ypbind.YPBIND_BROADCAST "no" true
Write	.sysconfig.ypbind.YPBIND_BROKEN_SERVER "no" true
Write	.sysconfig.ypbind.YPBIND_OPTIONS "" true
Write	.sysconfig.ypbind nil true
Write	.sysconfig.network.config.NETCONFIG_NIS_SETDOMAINNAME "no" true
Write	.sysconfig.network.dhcp nil true
Read	.etc.nsswitch_conf."passwd" "compat"
Write	.etc.nsswitch_conf."passwd_compat" nil true
Read	.etc.nsswitch_conf."group" "compat"
Write	.etc.nsswitch_conf."group_compat" nil true
Read	.etc.nsswitch_conf."shadow" nil
Write	.etc.nsswitch_conf."shadow" "compat" true
Write	.etc.nsswitch_conf."shadow_compat" nil true
Execute	.target.bash "/usr/bin/grep -q '^[+-]' /etc/passwd" 0
Execute	.target.bash "/bin/grep -q '^+::::::/sbin/nologin' /etc/passwd" 0
Execute	.target.bash "/usr/bin/sed -i.YaST2save -e 's@+::::::/sbin/nologin@+::::::@' /etc/passwd" 0
Execute	.target.bash "/usr/bin/grep -q '^[+-]' /etc/shadow" 0
Execute	.target.bash "/bin/grep -q '^+/sbin/nologin' /etc/shadow" 0
Execute	.target.bash "/usr/bin/sed -i.YaST2save -e 's@+/sbin/nologin@+@' /etc/shadow" 0
Execute	.target.bash "/usr/bin/grep -q '^[+-]' /etc/group" 0
Execute	.target.bash "/bin/grep -q '^+:::/sbin/nologin' /etc/group" 0
Execute	.target.bash "/usr/bin/sed -i.YaST2save -e 's@+:::/sbin/nologin@+:::@' /etc/group" 0
Read	.etc.nsswitch_conf."services" "files"
Write	.etc.nsswitch_conf."services" "files nis" true
Read	.etc.nsswitch_conf."netgroup" "files"
Write	.etc.nsswitch_conf."netgroup" "nis" true
Read	.etc.nsswitch_conf."aliases" "files"
Write	.etc.nsswitch_conf."aliases" "files nis" true
Write	.etc.nsswitch_conf nil true
Read	.etc.nsswitch_conf."automount" "files"
Write	.etc.nsswitch_conf."automount" "files nis" true
Write	.etc.nsswitch_conf nil true
Execute	.target.bash "/bin/systemctl is-enabled autofs.service" 0
Execute	.target.bash_output "/bin/systemctl stop ypbind.service" $["TERM":"raw"] $["exit":0, "stderr":"", "stdout":"mydomain\n"]
Execute	.target.bash "/bin/systemctl status rpcbind.service" $["TERM":"raw"] 0
Execute	.target.bash_output "/etc/init.d/ypbind start" $["TERM":"raw"] $["exit":0, "stderr":"", "stdout":"mydomain\n"]
Execute	.target.bash "/usr/bin/ypwhich >/dev/null" 0
Return	true
Dump	auto policy
Execute	.target.bash "/bin/systemctl is-enabled ypbind.service" 0
Read	.sysconfig.network.config.NETCONFIG_NIS_POLICY "auto"
Dir	.sysconfig.network.config: ["NETCONFIG_NIS_POLICY"]
Execute	.target.bash_output "/bin/ypdomainname" $["exit":0, "stderr":"", "stdout":"mydomain\n"]
Execute	.target.bash "ls /var/run/dhcpcd-*.pid" 0
Read	.sysconfig.ypbind.YPBIND_LOCAL_ONLY "no"
Read	.sysconfig.ypbind.YPBIND_BROADCAST "no"
Read	.sysconfig.ypbind.YPBIND_BROKEN_SERVER "no"
Read	.sysconfig.ypbind.YPBIND_OPTIONS ""
Execute	.target.bash "/bin/systemctl is-enabled autofs.service" 0
Read	.etc.nsswitch_conf."hosts" "files dns6"
Read	.etc.nsswitch_conf."passwd" "compat"
Read	.etc.nsswitch_conf."passwd_compat" nil
Read	.target.size "/etc/sysconfig/displaymanager" 0
Read	.sysconfig.displaymanager.DISPLAYMANAGER_AUTOLOGIN "no"
Read	.sysconfig.displaymanager.DISPLAYMANAGER_PASSWORD_LESS_LOGIN "no"
Return	true
Return	nil
Execute	.target.bash "/bin/systemctl is-enabled rpcbind.service" 0
Execute	.target.bash "/bin/systemctl is-enabled ypbind.service" 0
Write	.etc.defaultdomain "mydomain" true
Execute	.target.remove "/etc/yp.conf.sv" true
Write	.sysconfig.network.config.NETCONFIG_NIS_POLICY "auto" true
Write	.sysconfig.network.config.NETCONFIG_NIS_STATIC_DOMAIN "" true
Write	.sysconfig.network.config.NETCONFIG_NIS_STATIC_SERVERS "" true
Write	.sysconfig.network.config nil true
Execute	.target.bash "/sbin/netconfig update" 0
Write	.sysconfig.ypbind.YPBIND_LOCAL_ONLY "no" true
Write	.sysconfig.ypbind.YPBIND_BROADCAST "no" true
Write	.sysconfig.ypbind.YPBIND_BROKEN_SERVER "no" true
Write	.sysconfig.ypbind.YPBIND_OPTIONS "" true
Write	.sysconfig.ypbind nil true
Write	.sysconfig.network.config.NETCONFIG_NIS_SETDOMAINNAME "yes" true
Write	.sysconfig.network.dhcp nil true
Read	.etc.nsswitch_conf."passwd" "compat"
Write	.etc.nsswitch_conf."passwd_compat" nil true
Read	.etc.nsswitch_conf."group" "compat"
Write	.etc.nsswitch_conf."group_compat" nil true
Read	.etc.nsswitch_conf."shadow" nil
Write	.etc.nsswitch_conf."shadow" "compat" true
Write	.etc.nsswitch_conf."shadow_compat" nil true
Execute	.target.bash "/usr/bin/grep -q '^[+-]' /etc/passwd" 0
Execute	.target.bash "/bin/grep -q '^+::::::/sbin/nologin' /etc/passwd" 0
Execute	.target.bash "/usr/bin/sed -i.YaST2save -e 's@+::::::/sbin/nologin@+::::::@' /etc/passwd" 0
Execute	.target.bash "/usr/bin/grep -q '^[+-]' /etc/shadow" 0
Execute	.target.bash "/bin/grep -q '^+/sbin/nologin' /etc/shadow" 0
Execute	.target.bash "/usr/bin/sed -i.YaST2save -e 's@+/sbin/nologin@+@' /etc/shadow" 0
Execute	.target.bash "/usr/bin/grep -q '^[+-]' /etc/group" 0
Execute	.target.bash "/bin/grep -q '^+:::/sbin/nologin' /etc/group" 0
Execute	.target.bash "/usr/bin/sed -i.YaST2save -e 's@+:::/sbin/nologin@+:::@' /etc/group" 0
Read	.etc.nsswitch_conf."services" "files"
Write	.etc.nsswitch_conf."services" "files nis" true
Read	.etc.nsswitch_conf."netgroup" "files"
Write	.etc.nsswitch_conf."netgroup" "nis" true
Read	.etc.nsswitch_conf."aliases" "files"
Write	.etc.nsswitch_conf."aliases" "files nis" true
Write	.etc.nsswitch_conf nil true
Read	.etc.nsswitch_conf."automount" "files"
Write	.etc.nsswitch_conf."automount" "files nis" true
Write	.etc.nsswitch_conf nil true
Execute	.target.bash "/bin/systemctl is-enabled autofs.service" 0
Execute	.target.bash_output "/bin/systemctl stop ypbind.service" $["TERM":"raw"] $["exit":0, "stderr":"", "stdout":"mydomain\n"]
Execute	.target.bash "/bin/systemctl status rpcbind.service" $["TERM":"raw"] 0
Execute	.target.bash_output "/etc/init.d/ypbind start" $["TERM":"raw"] $["exit":0, "stderr":"", "stdout":"mydomain\n"]
Execute	.target.bash "/usr/bin/ypwhich >/dev/null" 0
Execute	.target.bash_output "/bin/systemctl stop autofs.service" $["TERM":"raw"] $["exit":0, "stderr":"", "stdout":"mydomain\n"]
Execute	.target.bash_output "/bin/systemctl start autofs.service" $["TERM":"raw"] $["exit":0, "stderr":"", "stdout":"mydomain\n"]
Return	true
